// Jest Snapshot v1, https://goo.gl/fbAQLP

exports[`SearchBoxComponent renders and matches snapshot 1`] = `
<Provider
  store={
    Object {
      "clearActions": [Function],
      "dispatch": [Function],
      "getActions": [Function],
      "getState": [Function],
      "replaceReducer": [Function],
      "subscribe": [Function],
    }
  }
>
  <Connect(SearchBoxComponent)
    handleClick={[MockFunction]}
  >
    <SearchBoxComponent
      currentLanguageCode="en"
      dispatch={[Function]}
      handleClick={[MockFunction]}
      strings={
        Object {
          "blocked_domain": "domains with less than 5 characters are blocked. stay tuned, we are going to release them soon",
          "invalid_name": "Invalid name. Name can contain only lowercase letters, digits, and special characters except for full stops and spaces.",
          "search": "search",
          "search_placeholder": "Find your domain",
        }
      }
    >
      <Form
        className="searchBox row"
        inline={false}
        onSubmit={[Function]}
      >
        <form
          className="searchBox row"
          onSubmit={[Function]}
        >
          <div
            className="col-md-7 col-lg-7 offset-lg-1 searchInput"
          >
            <input
              autoCapitalize="none"
              onChange={[Function]}
              placeholder="Find your domain"
              value=""
            />
            <span
              className="blue"
            >
              .rsk
            </span>
          </div>
          <div
            className="col-md-5 col-lg-3"
          >
            <Button
              active={false}
              disabled={false}
              onClick={[Function]}
              variant="primary"
            >
              <button
                className="btn btn-primary"
                disabled={false}
                onClick={[Function]}
                type="button"
              >
                search
              </button>
            </Button>
          </div>
        </form>
      </Form>
    </SearchBoxComponent>
  </Connect(SearchBoxComponent)>
</Provider>
`;
